
Discarded input sections

 .text          0x00000000        0x0 C:\Users\NZJeu\AppData\Local\Temp\cczlwpQV.ltrans0.ltrans.o
 .data          0x00000000        0x0 C:\Users\NZJeu\AppData\Local\Temp\cczlwpQV.ltrans0.ltrans.o
 .bss           0x00000000        0x0 C:\Users\NZJeu\AppData\Local\Temp\cczlwpQV.ltrans0.ltrans.o
 .text._out_char
                0x00000000       0x38 C:\Users\NZJeu\AppData\Local\Temp\cczlwpQV.ltrans0.ltrans.o
 .text.strchr   0x00000000       0x26 C:\Users\NZJeu\AppData\Local\Temp\cczlwpQV.ltrans0.ltrans.o
 .text.vsnprintf
                0x00000000       0x22 C:\Users\NZJeu\AppData\Local\Temp\cczlwpQV.ltrans0.ltrans.o
 .text.fwrite   0x00000000       0x48 C:\Users\NZJeu\AppData\Local\Temp\cczlwpQV.ltrans0.ltrans.o
 .text.memmove  0x00000000       0x42 C:\Users\NZJeu\AppData\Local\Temp\cczlwpQV.ltrans0.ltrans.o
 .text.__clzsi2
                0x00000000       0x4a C:\Users\NZJeu\AppData\Local\Temp\cczlwpQV.ltrans0.ltrans.o
 .text.__muldi3
                0x00000000       0xa6 C:\Users\NZJeu\AppData\Local\Temp\cczlwpQV.ltrans0.ltrans.o
 .text.printf   0x00000000       0x28 C:\Users\NZJeu\AppData\Local\Temp\cczlwpQV.ltrans0.ltrans.o
 .text.snprintf
                0x00000000       0x28 C:\Users\NZJeu\AppData\Local\Temp\cczlwpQV.ltrans0.ltrans.o
 .text.vprintf  0x00000000       0x28 C:\Users\NZJeu\AppData\Local\Temp\cczlwpQV.ltrans0.ltrans.o
 .text.memcmp   0x00000000       0x36 C:\Users\NZJeu\AppData\Local\Temp\cczlwpQV.ltrans0.ltrans.o
 .text.strrchr  0x00000000       0x2a C:\Users\NZJeu\AppData\Local\Temp\cczlwpQV.ltrans0.ltrans.o
 .text.strcpy   0x00000000       0x36 C:\Users\NZJeu\AppData\Local\Temp\cczlwpQV.ltrans0.ltrans.o
 .text.strcat   0x00000000       0x4c C:\Users\NZJeu\AppData\Local\Temp\cczlwpQV.ltrans0.ltrans.o
 .text.strcmp   0x00000000       0x2e C:\Users\NZJeu\AppData\Local\Temp\cczlwpQV.ltrans0.ltrans.o
 .text.strncpy  0x00000000       0x56 C:\Users\NZJeu\AppData\Local\Temp\cczlwpQV.ltrans0.ltrans.o
 .bss.mt_MusicChannels
                0x00000000        0x1 C:\Users\NZJeu\AppData\Local\Temp\cczlwpQV.ltrans0.ltrans.o
 .bss.mt_E8Trigger
                0x00000000        0x1 C:\Users\NZJeu\AppData\Local\Temp\cczlwpQV.ltrans0.ltrans.o
 .bss.mt_Enable
                0x00000000        0x1 C:\Users\NZJeu\AppData\Local\Temp\cczlwpQV.ltrans0.ltrans.o
 .bss.s_isNextTimerBSetRep
                0x00000000        0x1 C:\Users\NZJeu\AppData\Local\Temp\cczlwpQV.ltrans0.ltrans.o
 .data          0x00000000        0x0 ace/CMakeFiles/ace.dir/src/bartman/gcc8_a_support.s.obj
 .bss           0x00000000        0x0 ace/CMakeFiles/ace.dir/src/bartman/gcc8_a_support.s.obj

Memory Configuration

Name             Origin             Length             Attributes
*default*        0x00000000         0xffffffff

Linker script and memory map

Address of section .text set to 0x0
LOAD C:\Users\NZJeu\AppData\Local\Temp\cczlwpQV.ltrans0.ltrans.o
LOAD ace/CMakeFiles/ace.dir/src/bartman/gcc8_a_support.s.obj
                [!provide]                        PROVIDE (__executable_start = SEGMENT_START ("text-segment", 0x80000000))
                0x80000074                        . = (SEGMENT_START ("text-segment", 0x80000000) + SIZEOF_HEADERS)

.interp
 *(.interp)

.note.gnu.build-id
 *(.note.gnu.build-id)

.hash
 *(.hash)

.gnu.hash
 *(.gnu.hash)

.dynsym
 *(.dynsym)

.dynstr
 *(.dynstr)

.gnu.version
 *(.gnu.version)

.gnu.version_d
 *(.gnu.version_d)

.gnu.version_r
 *(.gnu.version_r)

.rela.dyn       0x80000074        0x0
 *(.rela.init)
 *(.rela.text .rela.text.* .rela.gnu.linkonce.t.*)
 *(.rela.fini)
 *(.rela.rodata .rela.rodata.* .rela.gnu.linkonce.r.*)
 *(.rela.data .rela.data.* .rela.gnu.linkonce.d.*)
 *(.rela.tdata .rela.tdata.* .rela.gnu.linkonce.td.*)
 *(.rela.tbss .rela.tbss.* .rela.gnu.linkonce.tb.*)
 *(.rela.ctors)
 *(.rela.dtors)
 *(.rela.got)
 *(.rela.bss .rela.bss.* .rela.gnu.linkonce.b.*)
                [!provide]                        PROVIDE (__rela_iplt_start = .)
 *(.rela.iplt)
                [!provide]                        PROVIDE (__rela_iplt_end = .)

.rela.plt
 *(.rela.plt)

.init
 *(SORT_NONE(.init))

.plt
 *(.plt)

.iplt
 *(.iplt)

.text           0x00000000     0x8378
 *(.text.unlikely .text.*_unlikely .text.unlikely.*)
 .text.unlikely
                0x00000000       0x8c C:\Users\NZJeu\AppData\Local\Temp\cczlwpQV.ltrans0.ltrans.o
                0x00000000                _start
 *(.text.exit .text.exit.*)
 .text.exit     0x0000008c       0x12 C:\Users\NZJeu\AppData\Local\Temp\cczlwpQV.ltrans0.ltrans.o
                0x0000008c                exit
 *(.text.startup .text.startup.*)
 .text.startup.main
                0x0000009e      0x910 C:\Users\NZJeu\AppData\Local\Temp\cczlwpQV.ltrans0.ltrans.o
                0x0000009e                main
 *(.text.hot .text.hot.*)
 .text.hot.keyIntServer
                0x000009ae       0x88 C:\Users\NZJeu\AppData\Local\Temp\cczlwpQV.ltrans0.ltrans.o
 .text.hot.int4Handler
                0x00000a36       0x38 C:\Users\NZJeu\AppData\Local\Temp\cczlwpQV.ltrans0.ltrans.o
 .text.hot.int2Handler
                0x00000a6e       0xb4 C:\Users\NZJeu\AppData\Local\Temp\cczlwpQV.ltrans0.ltrans.o
 .text.hot.int3Handler
                0x00000b22       0x54 C:\Users\NZJeu\AppData\Local\Temp\cczlwpQV.ltrans0.ltrans.o
 .text.hot.int6Handler
                0x00000b76       0xe4 C:\Users\NZJeu\AppData\Local\Temp\cczlwpQV.ltrans0.ltrans.o
 .text.hot.int7Handler
                0x00000c5a       0x22 C:\Users\NZJeu\AppData\Local\Temp\cczlwpQV.ltrans0.ltrans.o
 .text.hot.int1Handler
                0x00000c7c        0x6 C:\Users\NZJeu\AppData\Local\Temp\cczlwpQV.ltrans0.ltrans.o
 .text.hot.int5Handler
                0x00000c82        0x6 C:\Users\NZJeu\AppData\Local\Temp\cczlwpQV.ltrans0.ltrans.o
 *(SORT_BY_NAME(.text.sorted.*))
 *(.text .stub .text.* .gnu.linkonce.t.*)
 .text._out_buffer
                0x00000c88       0x18 C:\Users\NZJeu\AppData\Local\Temp\cczlwpQV.ltrans0.ltrans.o
 .text.spriteProcessChannel
                0x00000ca0      0x108 C:\Users\NZJeu\AppData\Local\Temp\cczlwpQV.ltrans0.ltrans.o
 .text.msgPortDelete
                0x00000da8       0x34 C:\Users\NZJeu\AppData\Local\Temp\cczlwpQV.ltrans0.ltrans.o
 .text.systemFlushIo
                0x00000ddc       0x8a C:\Users\NZJeu\AppData\Local\Temp\cczlwpQV.ltrans0.ltrans.o
 .text.systemSetDmaMask
                0x00000e66       0x6a C:\Users\NZJeu\AppData\Local\Temp\cczlwpQV.ltrans0.ltrans.o
 .text.timerGetPrec
                0x00000ed0       0x8c C:\Users\NZJeu\AppData\Local\Temp\cczlwpQV.ltrans0.ltrans.o
 .text.timerProcess
                0x00000f5c       0x48 C:\Users\NZJeu\AppData\Local\Temp\cczlwpQV.ltrans0.ltrans.o
 .text.cameraProcess
                0x00000fa4       0x28 C:\Users\NZJeu\AppData\Local\Temp\cczlwpQV.ltrans0.ltrans.o
 .text.setBitplanePtrs
                0x00000fcc       0x78 C:\Users\NZJeu\AppData\Local\Temp\cczlwpQV.ltrans0.ltrans.o
 .text.simpleBufferProcess
                0x00001044      0x2a8 C:\Users\NZJeu\AppData\Local\Temp\cczlwpQV.ltrans0.ltrans.o
 .text._out_null
                0x000012ec        0x2 C:\Users\NZJeu\AppData\Local\Temp\cczlwpQV.ltrans0.ltrans.o
 .text._ntoa_long
                0x000012ee      0x6cc C:\Users\NZJeu\AppData\Local\Temp\cczlwpQV.ltrans0.ltrans.o
 .text._vsnprintf
                0x000019ba      0x6d4 C:\Users\NZJeu\AppData\Local\Temp\cczlwpQV.ltrans0.ltrans.o
 .text.Collision.constprop.0.isra.0
                0x0000208e       0x9c C:\Users\NZJeu\AppData\Local\Temp\cczlwpQV.ltrans0.ltrans.o
 .text.blitUnsafeCopy.isra.0
                0x0000212a      0x2b8 C:\Users\NZJeu\AppData\Local\Temp\cczlwpQV.ltrans0.ltrans.o
 .text._logWrite
                0x000023e2       0x20 C:\Users\NZJeu\AppData\Local\Temp\cczlwpQV.ltrans0.ltrans.o
 .text._blitCheck
                0x00002402      0x2ca C:\Users\NZJeu\AppData\Local\Temp\cczlwpQV.ltrans0.ltrans.o
 .text.blitSafeRect.constprop.0.isra.0
                0x000026cc      0x12e C:\Users\NZJeu\AppData\Local\Temp\cczlwpQV.ltrans0.ltrans.o
 .text._memCheckIntegrity
                0x000027fa       0xea C:\Users\NZJeu\AppData\Local\Temp\cczlwpQV.ltrans0.ltrans.o
 .text.spriteProcess.part.0
                0x000028e4       0x94 C:\Users\NZJeu\AppData\Local\Temp\cczlwpQV.ltrans0.ltrans.o
 .text.systemUnuse
                0x00002978      0x2c8 C:\Users\NZJeu\AppData\Local\Temp\cczlwpQV.ltrans0.ltrans.o
 .text.systemUse
                0x00002c40      0x1a8 C:\Users\NZJeu\AppData\Local\Temp\cczlwpQV.ltrans0.ltrans.o
 .text._memAllocDbg
                0x00002de8      0x21c C:\Users\NZJeu\AppData\Local\Temp\cczlwpQV.ltrans0.ltrans.o
 .text._memFreeDbg
                0x00003004      0x11e C:\Users\NZJeu\AppData\Local\Temp\cczlwpQV.ltrans0.ltrans.o
 .text.copProcessBlocks
                0x00003122      0x242 C:\Users\NZJeu\AppData\Local\Temp\cczlwpQV.ltrans0.ltrans.o
 .text.systemGetBlitterFromOs
                0x00003364       0x4a C:\Users\NZJeu\AppData\Local\Temp\cczlwpQV.ltrans0.ltrans.o
 .text.fileClose
                0x000033ae       0x54 C:\Users\NZJeu\AppData\Local\Temp\cczlwpQV.ltrans0.ltrans.o
 .text._logWriteVa.part.0
                0x00003402      0x19c C:\Users\NZJeu\AppData\Local\Temp\cczlwpQV.ltrans0.ltrans.o
 .text.fileOpen
                0x0000359e       0x90 C:\Users\NZJeu\AppData\Local\Temp\cczlwpQV.ltrans0.ltrans.o
 .text.getHighScore
                0x0000362e      0x212 C:\Users\NZJeu\AppData\Local\Temp\cczlwpQV.ltrans0.ltrans.o
 .text.fileWriteStr
                0x00003840       0x6c C:\Users\NZJeu\AppData\Local\Temp\cczlwpQV.ltrans0.ltrans.o
 .text.cameraDestroy
                0x000038ac       0x3c C:\Users\NZJeu\AppData\Local\Temp\cczlwpQV.ltrans0.ltrans.o
 .text.vPortWaitForPos
                0x000038e8       0xd4 C:\Users\NZJeu\AppData\Local\Temp\cczlwpQV.ltrans0.ltrans.o
 .text.vPortAddManager
                0x000039bc       0x92 C:\Users\NZJeu\AppData\Local\Temp\cczlwpQV.ltrans0.ltrans.o
 .text.fontMeasureText
                0x00003a4e       0x90 C:\Users\NZJeu\AppData\Local\Temp\cczlwpQV.ltrans0.ltrans.o
 .text.fontFillTextBitMap
                0x00003ade      0x20a C:\Users\NZJeu\AppData\Local\Temp\cczlwpQV.ltrans0.ltrans.o
 .text.fontDrawTextBitMap.constprop.0
                0x00003ce8       0xee C:\Users\NZJeu\AppData\Local\Temp\cczlwpQV.ltrans0.ltrans.o
 .text.fileRead.isra.0
                0x00003dd6       0x6e C:\Users\NZJeu\AppData\Local\Temp\cczlwpQV.ltrans0.ltrans.o
 .text._logBlockBegin
                0x00003e44       0xbc C:\Users\NZJeu\AppData\Local\Temp\cczlwpQV.ltrans0.ltrans.o
 .text.tagGet   0x00003f00       0x58 C:\Users\NZJeu\AppData\Local\Temp\cczlwpQV.ltrans0.ltrans.o
 .text.strlen   0x00003f58       0x18 C:\Users\NZJeu\AppData\Local\Temp\cczlwpQV.ltrans0.ltrans.o
                0x00003f58                strlen
 .text.memset   0x00003f70       0x22 C:\Users\NZJeu\AppData\Local\Temp\cczlwpQV.ltrans0.ltrans.o
                0x00003f70                memset
 .text.memcpy   0x00003f92       0x1e C:\Users\NZJeu\AppData\Local\Temp\cczlwpQV.ltrans0.ltrans.o
                0x00003f92                memcpy
 .text.sprintf  0x00003fb0       0x28 C:\Users\NZJeu\AppData\Local\Temp\cczlwpQV.ltrans0.ltrans.o
                0x00003fb0                sprintf
 .text._logBlockEnd.part.0
                0x00003fd8      0x1f0 C:\Users\NZJeu\AppData\Local\Temp\cczlwpQV.ltrans0.ltrans.o
 .text._logBlockEnd
                0x000041c8       0x34 C:\Users\NZJeu\AppData\Local\Temp\cczlwpQV.ltrans0.ltrans.o
 .text.stateCreate.constprop.0
                0x000041fc       0x6e C:\Users\NZJeu\AppData\Local\Temp\cczlwpQV.ltrans0.ltrans.o
 .text.copBlockCreate
                0x0000426a      0x11a C:\Users\NZJeu\AppData\Local\Temp\cczlwpQV.ltrans0.ltrans.o
 .text.spriteAdd
                0x00004384      0x18a C:\Users\NZJeu\AppData\Local\Temp\cczlwpQV.ltrans0.ltrans.o
 .text.copBlockDestroy
                0x0000450e       0xca C:\Users\NZJeu\AppData\Local\Temp\cczlwpQV.ltrans0.ltrans.o
 .text.copListDestroy
                0x000045d8       0xfc C:\Users\NZJeu\AppData\Local\Temp\cczlwpQV.ltrans0.ltrans.o
 .text.spriteRemove
                0x000046d4       0x82 C:\Users\NZJeu\AppData\Local\Temp\cczlwpQV.ltrans0.ltrans.o
 .text.stateChange
                0x00004756       0xe6 C:\Users\NZJeu\AppData\Local\Temp\cczlwpQV.ltrans0.ltrans.o
 .text.gameGsLoop
                0x0000483c      0xb9a C:\Users\NZJeu\AppData\Local\Temp\cczlwpQV.ltrans0.ltrans.o
 .text.menuGsLoop
                0x000053d6       0x78 C:\Users\NZJeu\AppData\Local\Temp\cczlwpQV.ltrans0.ltrans.o
 .text.bitmapCreate
                0x0000544e      0x3a2 C:\Users\NZJeu\AppData\Local\Temp\cczlwpQV.ltrans0.ltrans.o
 .text.bitmapDestroy
                0x000057f0      0x15e C:\Users\NZJeu\AppData\Local\Temp\cczlwpQV.ltrans0.ltrans.o
 .text.simpleBufferDestroy
                0x0000594e       0xb0 C:\Users\NZJeu\AppData\Local\Temp\cczlwpQV.ltrans0.ltrans.o
 .text.viewLoad
                0x000059fe      0x27c C:\Users\NZJeu\AppData\Local\Temp\cczlwpQV.ltrans0.ltrans.o
 .text.viewDestroy
                0x00005c7a      0x1e4 C:\Users\NZJeu\AppData\Local\Temp\cczlwpQV.ltrans0.ltrans.o
 .text.gameGsDestroy
                0x00005e5e       0xf8 C:\Users\NZJeu\AppData\Local\Temp\cczlwpQV.ltrans0.ltrans.o
 .text.menuGsDestroy
                0x00005f56       0x16 C:\Users\NZJeu\AppData\Local\Temp\cczlwpQV.ltrans0.ltrans.o
 .text.fontCreateTextBitMapFromStr
                0x00005f6c      0x160 C:\Users\NZJeu\AppData\Local\Temp\cczlwpQV.ltrans0.ltrans.o
 .text.vPortCreate.constprop.0
                0x000060cc      0x292 C:\Users\NZJeu\AppData\Local\Temp\cczlwpQV.ltrans0.ltrans.o
 .text.simpleBufferCreate.constprop.0
                0x0000635e      0x80a C:\Users\NZJeu\AppData\Local\Temp\cczlwpQV.ltrans0.ltrans.o
 .text.fontCreate.constprop.0
                0x00006b68      0x216 C:\Users\NZJeu\AppData\Local\Temp\cczlwpQV.ltrans0.ltrans.o
 .text.bitmapCreateFromFile.constprop.0
                0x00006d7e      0x2c6 C:\Users\NZJeu\AppData\Local\Temp\cczlwpQV.ltrans0.ltrans.o
 .text.copListCreate.constprop.0
                0x00007044      0x1f6 C:\Users\NZJeu\AppData\Local\Temp\cczlwpQV.ltrans0.ltrans.o
 .text.viewCreate.constprop.0
                0x0000723a      0x278 C:\Users\NZJeu\AppData\Local\Temp\cczlwpQV.ltrans0.ltrans.o
 .text.gameGsCreate
                0x000074b2      0xc20 C:\Users\NZJeu\AppData\Local\Temp\cczlwpQV.ltrans0.ltrans.o
 .text.menuGsCreate
                0x000080d2       0xfc C:\Users\NZJeu\AppData\Local\Temp\cczlwpQV.ltrans0.ltrans.o
 .text.systemKill
                0x000081ce       0x9c C:\Users\NZJeu\AppData\Local\Temp\cczlwpQV.ltrans0.ltrans.o
 *fill*         0x0000826a        0x2 4e714e71
 .text          0x0000826c      0x10c ace/CMakeFiles/ace.dir/src/bartman/gcc8_a_support.s.obj
                0x0000826c                __mulsi3
                0x0000828e                __udivsi3
                0x000082ea                __divsi3
                0x00008314                __modsi3
                0x0000833c                __umodsi3
                0x00008366                KPutCharX
                0x00008374                PutChar
 *(.gnu.warning)

.fini
 *(SORT_NONE(.fini))
                [!provide]                        PROVIDE (__etext = .)
                [!provide]                        PROVIDE (_etext = .)
                [!provide]                        PROVIDE (etext = .)

.rodata         0x00008378     0x1c56
 *(.rodata .rodata.* .gnu.linkonce.r.*)
 .rodata        0x00008378     0x1c43 C:\Users\NZJeu\AppData\Local\Temp\cczlwpQV.ltrans0.ltrans.o
 *fill*         0x00009fbb        0x1 
 .rodata.s_pCopperWaitXByBitplanes
                0x00009fbc       0x12 C:\Users\NZJeu\AppData\Local\Temp\cczlwpQV.ltrans0.ltrans.o

text            0x00009fce        0x6
 text           0x00009fce        0x6 C:\Users\NZJeu\AppData\Local\Temp\cczlwpQV.ltrans0.ltrans.o

.rodata1
 *(.rodata1)

.eh_frame_hdr
 *(.eh_frame_hdr)
 *(.eh_frame_entry .eh_frame_entry.*)

.eh_frame
 *(.eh_frame)
 *(.eh_frame.*)

.sframe
 *(.sframe)
 *(.sframe.*)

.gcc_except_table
 *(.gcc_except_table .gcc_except_table.*)

.gnu_extab
 *(.gnu_extab*)

.exception_ranges
 *(.exception_ranges*)
                0x0000a000                        . = DATA_SEGMENT_ALIGN (CONSTANT (MAXPAGESIZE), CONSTANT (COMMONPAGESIZE))

.eh_frame
 *(.eh_frame)
 *(.eh_frame.*)

.sframe
 *(.sframe)
 *(.sframe.*)

.gnu_extab
 *(.gnu_extab)

.gcc_except_table
 *(.gcc_except_table .gcc_except_table.*)

.exception_ranges
 *(.exception_ranges*)

.tdata          0x0000a000        0x0
                [!provide]                        PROVIDE (__tdata_start = .)
 *(.tdata .tdata.* .gnu.linkonce.td.*)

.tbss
 *(.tbss .tbss.* .gnu.linkonce.tb.*)
 *(.tcommon)

.preinit_array  0x0000a000        0x0
                0x0000a000                        PROVIDE (__preinit_array_start = .)
 *(.preinit_array)
                0x0000a000                        PROVIDE (__preinit_array_end = .)

.init_array     0x0000a000        0x0
                0x0000a000                        PROVIDE (__init_array_start = .)
 *(SORT_BY_INIT_PRIORITY(.init_array.*) SORT_BY_INIT_PRIORITY(.ctors.*))
 *(.init_array EXCLUDE_FILE(*crtend?.o *crtend.o *crtbegin?.o *crtbegin.o) .ctors)
                0x0000a000                        PROVIDE (__init_array_end = .)

.fini_array     0x0000a000        0x0
                0x0000a000                        PROVIDE (__fini_array_start = .)
 *(SORT_BY_INIT_PRIORITY(.fini_array.*) SORT_BY_INIT_PRIORITY(.dtors.*))
 *(.fini_array EXCLUDE_FILE(*crtend?.o *crtend.o *crtbegin?.o *crtbegin.o) .dtors)
                0x0000a000                        PROVIDE (__fini_array_end = .)

.ctors
 *crtbegin.o(.ctors)
 *crtbegin?.o(.ctors)
 *(EXCLUDE_FILE(*crtend?.o *crtend.o) .ctors)
 *(SORT_BY_NAME(.ctors.*))
 *(.ctors)

.dtors
 *crtbegin.o(.dtors)
 *crtbegin?.o(.dtors)
 *(EXCLUDE_FILE(*crtend?.o *crtend.o) .dtors)
 *(SORT_BY_NAME(.dtors.*))
 *(.dtors)

.jcr
 *(.jcr)

.data.rel.ro
 *(.data.rel.ro.local* .gnu.linkonce.d.rel.ro.local.*)
 *(.data.rel.ro .data.rel.ro.* .gnu.linkonce.d.rel.ro.*)

.dynamic
 *(.dynamic)
                0x0000a000                        . = DATA_SEGMENT_RELRO_END (., 0x0)

.got
 *(.got.plt)
 *(.igot.plt)
 *(.got)
 *(.igot)

.data           0x0000a000        0x3
 *(.data .data.* .gnu.linkonce.d.*)
 .data.pipesdisplay
                0x0000a000        0x2 C:\Users\NZJeu\AppData\Local\Temp\cczlwpQV.ltrans0.ltrans.o
 .data.s_isGameRunning
                0x0000a002        0x1 C:\Users\NZJeu\AppData\Local\Temp\cczlwpQV.ltrans0.ltrans.o

.MEMF_CHIP      0x0000a004        0x8
 .MEMF_CHIP     0x0000a004        0x8 C:\Users\NZJeu\AppData\Local\Temp\cczlwpQV.ltrans0.ltrans.o

.data1
 *(.data1)
                0x0000a00c                        _edata = .
                [!provide]                        PROVIDE (edata = .)
                0x0000a00c                        . = .
                0x0000a00c                        __bss_start = .

.bss            0x0000a00c      0xbf8
 *(.dynbss)
 *(.bss .bss.* .gnu.linkonce.b.*)
 .bss.s_sTmpDest
                0x0000a00c       0x28 C:\Users\NZJeu\AppData\Local\Temp\cczlwpQV.ltrans0.ltrans.o
 .bss.s_isPAL   0x0000a034        0x1 C:\Users\NZJeu\AppData\Local\Temp\cczlwpQV.ltrans0.ltrans.o
 *fill*         0x0000a035        0x1 
 .bss.s_uwAceDmaCon
                0x0000a036        0x2 C:\Users\NZJeu\AppData\Local\Temp\cczlwpQV.ltrans0.ltrans.o
 .bss.s_pOsHwInterrupts
                0x0000a038       0x1c C:\Users\NZJeu\AppData\Local\Temp\cczlwpQV.ltrans0.ltrans.o
 .bss.s_pOsCiaTimerB
                0x0000a054        0x4 C:\Users\NZJeu\AppData\Local\Temp\cczlwpQV.ltrans0.ltrans.o
 .bss.s_pOsCiaTimerA
                0x0000a058        0x4 C:\Users\NZJeu\AppData\Local\Temp\cczlwpQV.ltrans0.ltrans.o
 .bss.s_pOsCiaCrb
                0x0000a05c        0x2 C:\Users\NZJeu\AppData\Local\Temp\cczlwpQV.ltrans0.ltrans.o
 .bss.s_pOsCiaCra
                0x0000a05e        0x2 C:\Users\NZJeu\AppData\Local\Temp\cczlwpQV.ltrans0.ltrans.o
 .bss.s_pOsCiaIcr
                0x0000a060        0x2 C:\Users\NZJeu\AppData\Local\Temp\cczlwpQV.ltrans0.ltrans.o
 .bss.s_szMsg   0x0000a062      0x400 C:\Users\NZJeu\AppData\Local\Temp\cczlwpQV.ltrans0.ltrans.o
 .bss.menufont  0x0000a462        0x4 C:\Users\NZJeu\AppData\Local\Temp\cczlwpQV.ltrans0.ltrans.o
 .bss.s_pMainBuffer.lto_priv.1
                0x0000a466        0x4 C:\Users\NZJeu\AppData\Local\Temp\cczlwpQV.ltrans0.ltrans.o
 .bss.s_pVpMain.lto_priv.1
                0x0000a46a        0x4 C:\Users\NZJeu\AppData\Local\Temp\cczlwpQV.ltrans0.ltrans.o
 .bss.s_pMenuView
                0x0000a46e        0x4 C:\Users\NZJeu\AppData\Local\Temp\cczlwpQV.ltrans0.ltrans.o
 .bss.prev_ptr.0
                0x0000a472        0x4 C:\Users\NZJeu\AppData\Local\Temp\cczlwpQV.ltrans0.ltrans.o
 .bss.g_scored  0x0000a476        0x1 C:\Users\NZJeu\AppData\Local\Temp\cczlwpQV.ltrans0.ltrans.o
 *fill*         0x0000a477        0x1 
 .bss.birdplay  0x0000a478        0x2 C:\Users\NZJeu\AppData\Local\Temp\cczlwpQV.ltrans0.ltrans.o
 .bss.s_pPlayerPrevPos
                0x0000a47a        0x8 C:\Users\NZJeu\AppData\Local\Temp\cczlwpQV.ltrans0.ltrans.o
 .bss.s_ubBufferIndex
                0x0000a482        0x1 C:\Users\NZJeu\AppData\Local\Temp\cczlwpQV.ltrans0.ltrans.o
 *fill*         0x0000a483        0x1 
 .bss.s_pBmBirdMask
                0x0000a484       0x14 C:\Users\NZJeu\AppData\Local\Temp\cczlwpQV.ltrans0.ltrans.o
 .bss.s_pBmBirds
                0x0000a498       0x14 C:\Users\NZJeu\AppData\Local\Temp\cczlwpQV.ltrans0.ltrans.o
 .bss.s_pInitialClearCopBlock
                0x0000a4ac        0x4 C:\Users\NZJeu\AppData\Local\Temp\cczlwpQV.ltrans0.ltrans.o
 .bss.s_pView.lto_priv.1
                0x0000a4b0        0x4 C:\Users\NZJeu\AppData\Local\Temp\cczlwpQV.ltrans0.ltrans.o
 .bss.s_pChannelsData
                0x0000a4b4       0x60 C:\Users\NZJeu\AppData\Local\Temp\cczlwpQV.ltrans0.ltrans.o
 .bss.s_pSpriteBottom
                0x0000a514       0x10 C:\Users\NZJeu\AppData\Local\Temp\cczlwpQV.ltrans0.ltrans.o
 .bss.s_pSpriteSrc
                0x0000a524        0x4 C:\Users\NZJeu\AppData\Local\Temp\cczlwpQV.ltrans0.ltrans.o
 .bss.s_pSpriteTopData
                0x0000a528       0x10 C:\Users\NZJeu\AppData\Local\Temp\cczlwpQV.ltrans0.ltrans.o
 .bss.s_pSpriteTop
                0x0000a538       0x10 C:\Users\NZJeu\AppData\Local\Temp\cczlwpQV.ltrans0.ltrans.o
 .bss.player    0x0000a548       0x10 C:\Users\NZJeu\AppData\Local\Temp\cczlwpQV.ltrans0.ltrans.o
 .bss.startTime
                0x0000a558        0x4 C:\Users\NZJeu\AppData\Local\Temp\cczlwpQV.ltrans0.ltrans.o
 .bss.scoretextbitmap
                0x0000a55c        0x4 C:\Users\NZJeu\AppData\Local\Temp\cczlwpQV.ltrans0.ltrans.o
 .bss.scorebuffer
                0x0000a560       0x14 C:\Users\NZJeu\AppData\Local\Temp\cczlwpQV.ltrans0.ltrans.o
 .bss.fallfontsmall
                0x0000a574        0x4 C:\Users\NZJeu\AppData\Local\Temp\cczlwpQV.ltrans0.ltrans.o
 .bss.g_highScore
                0x0000a578        0x4 C:\Users\NZJeu\AppData\Local\Temp\cczlwpQV.ltrans0.ltrans.o
 .bss.gSCORE    0x0000a57c        0x4 C:\Users\NZJeu\AppData\Local\Temp\cczlwpQV.ltrans0.ltrans.o
 .bss.s_pMainBuffer.lto_priv.0
                0x0000a580        0x4 C:\Users\NZJeu\AppData\Local\Temp\cczlwpQV.ltrans0.ltrans.o
 .bss.s_pVpMain.lto_priv.0
                0x0000a584        0x4 C:\Users\NZJeu\AppData\Local\Temp\cczlwpQV.ltrans0.ltrans.o
 .bss.s_pScoreBuffer
                0x0000a588        0x4 C:\Users\NZJeu\AppData\Local\Temp\cczlwpQV.ltrans0.ltrans.o
 .bss.s_pVpScore
                0x0000a58c        0x4 C:\Users\NZJeu\AppData\Local\Temp\cczlwpQV.ltrans0.ltrans.o
 .bss.s_pView.lto_priv.0
                0x0000a590        0x4 C:\Users\NZJeu\AppData\Local\Temp\cczlwpQV.ltrans0.ltrans.o
 .bss.s_pRandManager
                0x0000a594        0x4 C:\Users\NZJeu\AppData\Local\Temp\cczlwpQV.ltrans0.ltrans.o
 .bss.s_uwOsDmaCon
                0x0000a598        0x2 C:\Users\NZJeu\AppData\Local\Temp\cczlwpQV.ltrans0.ltrans.o
 .bss.s_uwOsIntEna
                0x0000a59a        0x2 C:\Users\NZJeu\AppData\Local\Temp\cczlwpQV.ltrans0.ltrans.o
 .bss.s_pHwVectors
                0x0000a59c        0x4 C:\Users\NZJeu\AppData\Local\Temp\cczlwpQV.ltrans0.ltrans.o
 .bss.s_pCiaResource
                0x0000a5a0        0x8 C:\Users\NZJeu\AppData\Local\Temp\cczlwpQV.ltrans0.ltrans.o
 .bss.s_uwLastId
                0x0000a5a8        0x2 C:\Users\NZJeu\AppData\Local\Temp\cczlwpQV.ltrans0.ltrans.o
 .bss.s_ulFastUsage
                0x0000a5aa        0x4 C:\Users\NZJeu\AppData\Local\Temp\cczlwpQV.ltrans0.ltrans.o
 .bss.s_ulChipUsage
                0x0000a5ae        0x4 C:\Users\NZJeu\AppData\Local\Temp\cczlwpQV.ltrans0.ltrans.o
 .bss.g_sKeyManager
                0x0000a5b2       0x69 C:\Users\NZJeu\AppData\Local\Temp\cczlwpQV.ltrans0.ltrans.o
 *fill*         0x0000a61b        0x1 
 .bss.g_sTimerManager
                0x0000a61c        0xc C:\Users\NZJeu\AppData\Local\Temp\cczlwpQV.ltrans0.ltrans.o
 .bss.g_pMenuState
                0x0000a628        0x4 C:\Users\NZJeu\AppData\Local\Temp\cczlwpQV.ltrans0.ltrans.o
 .bss.s_pAceCiaInterrupts
                0x0000a62c       0x50 C:\Users\NZJeu\AppData\Local\Temp\cczlwpQV.ltrans0.ltrans.o
 .bss.s_bInitCount
                0x0000a67c        0x1 C:\Users\NZJeu\AppData\Local\Temp\cczlwpQV.ltrans0.ltrans.o
 *fill*         0x0000a67d        0x1 
 .bss.g_pGameState
                0x0000a67e        0x4 C:\Users\NZJeu\AppData\Local\Temp\cczlwpQV.ltrans0.ltrans.o
 .bss.g_pStateManager
                0x0000a682        0x4 C:\Users\NZJeu\AppData\Local\Temp\cczlwpQV.ltrans0.ltrans.o
 .bss.g_sCopManager
                0x0000a686        0x8 C:\Users\NZJeu\AppData\Local\Temp\cczlwpQV.ltrans0.ltrans.o
 .bss.s_ulChipPeakUsage
                0x0000a68e        0x4 C:\Users\NZJeu\AppData\Local\Temp\cczlwpQV.ltrans0.ltrans.o
 .bss.s_ulFastPeakUsage
                0x0000a692        0x4 C:\Users\NZJeu\AppData\Local\Temp\cczlwpQV.ltrans0.ltrans.o
 .bss.s_pMemTail
                0x0000a696        0x4 C:\Users\NZJeu\AppData\Local\Temp\cczlwpQV.ltrans0.ltrans.o
 .bss.g_sLogManager
                0x0000a69a      0x50c C:\Users\NZJeu\AppData\Local\Temp\cczlwpQV.ltrans0.ltrans.o
 .bss.s_wSystemBlitterUses
                0x0000aba6        0x2 C:\Users\NZJeu\AppData\Local\Temp\cczlwpQV.ltrans0.ltrans.o
 .bss.s_pProcess
                0x0000aba8        0x4 C:\Users\NZJeu\AppData\Local\Temp\cczlwpQV.ltrans0.ltrans.o
 .bss.DOSBase   0x0000abac        0x4 C:\Users\NZJeu\AppData\Local\Temp\cczlwpQV.ltrans0.ltrans.o
 .bss.SysBase   0x0000abb0        0x4 C:\Users\NZJeu\AppData\Local\Temp\cczlwpQV.ltrans0.ltrans.o
 .bss.s_pOsView
                0x0000abb4        0x4 C:\Users\NZJeu\AppData\Local\Temp\cczlwpQV.ltrans0.ltrans.o
 .bss.GfxBase   0x0000abb8        0x4 C:\Users\NZJeu\AppData\Local\Temp\cczlwpQV.ltrans0.ltrans.o
 .bss.s_sIoAudio
                0x0000abbc       0x44 C:\Users\NZJeu\AppData\Local\Temp\cczlwpQV.ltrans0.ltrans.o
 .bss.s_uwOsInitialDma
                0x0000ac00        0x2 C:\Users\NZJeu\AppData\Local\Temp\cczlwpQV.ltrans0.ltrans.o
 .bss.s_wSystemUses
                0x0000ac02        0x2 C:\Users\NZJeu\AppData\Local\Temp\cczlwpQV.ltrans0.ltrans.o
 *(COMMON)
                0x0000ac04                        . = ALIGN ((. != 0x0)?0x4:0x1)
                0x0000ac04                        . = ALIGN (0x4)
                0x0000ac04                        . = SEGMENT_START ("ldata-segment", .)
                0x0000ac04                        . = ALIGN (0x4)
                0x0000ac04                        _end = .
                [!provide]                        PROVIDE (end = .)
                0x0000ac04                        . = DATA_SEGMENT_END (.)

.stab
 *(.stab)

.stabstr
 *(.stabstr)

.stab.excl
 *(.stab.excl)

.stab.exclstr
 *(.stab.exclstr)

.stab.index
 *(.stab.index)

.stab.indexstr
 *(.stab.indexstr)

.comment        0x00000000       0x12
 *(.comment)
 .comment       0x00000000       0x12 C:\Users\NZJeu\AppData\Local\Temp\cczlwpQV.ltrans0.ltrans.o
                                 0x13 (size before relaxing)

.gnu.build.attributes
 *(.gnu.build.attributes .gnu.build.attributes.*)

.debug
 *(.debug)

.line
 *(.line)

.debug_srcinfo
 *(.debug_srcinfo)

.debug_sfnames
 *(.debug_sfnames)

.debug_aranges  0x00000000       0x20
 *(.debug_aranges)
 .debug_aranges
                0x00000000       0x20 ace/CMakeFiles/ace.dir/src/bartman/gcc8_a_support.s.obj

.debug_pubnames
 *(.debug_pubnames)

.debug_info     0x00000000       0x89
 *(.debug_info .gnu.linkonce.wi.*)
 .debug_info    0x00000000       0x89 ace/CMakeFiles/ace.dir/src/bartman/gcc8_a_support.s.obj

.debug_abbrev   0x00000000       0x21
 *(.debug_abbrev)
 .debug_abbrev  0x00000000       0x21 ace/CMakeFiles/ace.dir/src/bartman/gcc8_a_support.s.obj

.debug_line     0x00000000       0xd2
 *(.debug_line .debug_line.* .debug_line_end)
 .debug_line    0x00000000       0xd2 ace/CMakeFiles/ace.dir/src/bartman/gcc8_a_support.s.obj

.debug_frame    0x00000000       0xcc
 *(.debug_frame)
 .debug_frame   0x00000000       0xcc ace/CMakeFiles/ace.dir/src/bartman/gcc8_a_support.s.obj

.debug_str      0x00000000       0xa0
 *(.debug_str)
 .debug_str     0x00000000       0xa0 ace/CMakeFiles/ace.dir/src/bartman/gcc8_a_support.s.obj

.debug_loc
 *(.debug_loc)

.debug_macinfo
 *(.debug_macinfo)

.debug_weaknames
 *(.debug_weaknames)

.debug_funcnames
 *(.debug_funcnames)

.debug_typenames
 *(.debug_typenames)

.debug_varnames
 *(.debug_varnames)

.debug_pubtypes
 *(.debug_pubtypes)

.debug_ranges
 *(.debug_ranges)

.debug_addr
 *(.debug_addr)

.debug_line_str
 *(.debug_line_str)

.debug_loclists
 *(.debug_loclists)

.debug_macro
 *(.debug_macro)

.debug_names
 *(.debug_names)

.debug_rnglists
 *(.debug_rnglists)

.debug_str_offsets
 *(.debug_str_offsets)

.debug_sup
 *(.debug_sup)

.gnu.attributes
 *(.gnu.attributes)

/DISCARD/
 *(.note.GNU-stack)
 *(.gnu_debuglink)
 *(.gnu.lto_*)
OUTPUT(FlappyAceWin.elf elf32-m68k)
